somethink@somethink:~/parking_system$ python main.py --entry --no-show
00:59:32 INFO main: Loading models...
00:59:32 INFO main: PlateDetector skipped (DeepStream plate nvinfer)
Loading ./models/plate_ocr_yolov8n.engine for TensorRT inference...
[05/06/2026-00:59:36] [TRT] [I] Loaded engine size: 7 MiB
[05/06/2026-00:59:36] [TRT] [W] Using an engine plan file across different models of devices is not recommended and is likely to affect performance or even cause errors.
[05/06/2026-00:59:36] [TRT] [I] [MemUsageChange] TensorRT-managed allocation in IExecutionContext creation: CPU +0, GPU +3, now: CPU 0, GPU 8 (MiB)
00:59:36 INFO engine: PlateOCRYolo ready: ./models/plate_ocr_yolov8n.engine (imgsz=320, conf=0.4)
00:59:36 INFO main: FaceEngine skipped (DeepStream face chain)
00:59:36 INFO main: Models loaded in 4.6s (DeepStream=ON, OCR=yolo)
00:59:36 INFO db: DB ready: 4 vehicles loaded
00:59:37 INFO main: Web dashboard: http://0.0.0.0:8080
00:59:37 INFO main: Starting (deepstream=True)
00:59:37 INFO main: DB: {'current': 4, 'capacity': 500, 'pct': 0.8}
00:59:37 INFO pipeline: Face chain: PGIE_face → tracker → nvdsfaceembed(aligned TensorRT ArcFace)
00:59:37 INFO pipeline: DeepStream pipeline built (plate=True, face=True, batch=2)
Opening in BLOCKING MODE 
Opening in BLOCKING MODE 
gstnvtracker: Loading low-level lib at /opt/nvidia/deepstream/deepstream/lib/libnvds_nvmultiobjecttracker.so
[NvMultiObjectTracker] Initialized
Setting min object dimensions as 16x16 instead of 1x1 to support VIC compute mode.
0:00:00.459047644 184966 0xaaab127ba210 INFO                 nvinfer gstnvinfer.cpp:684:gst_nvinfer_logger:<face_det> NvDsInferContext[UID 2]: Info from NvDsInferContextImpl::deserializeEngineAndBackend() <nvdsinfer_context_impl.cpp:2092> [UID = 2]: deserialized trt engine from :/home/somethink/parking_system/models/face_det_scrfd_b1_fp16.engine
INFO: [FullDims Engine Info]: layers num: 10
0   INPUT  kFLOAT input.1         3x640x640       min: 1x3x640x640     opt: 2x3x640x640     Max: 2x3x640x640     
1   OUTPUT kFLOAT 446_3d          12800x1         min: 0               opt: 0               Max: 0               
2   OUTPUT kFLOAT 466_3d          3200x1          min: 0               opt: 0               Max: 0               
3   OUTPUT kFLOAT 486_3d          800x1           min: 0               opt: 0               Max: 0               
4   OUTPUT kFLOAT 449_3d          12800x4         min: 0               opt: 0               Max: 0               
5   OUTPUT kFLOAT 469_3d          3200x4          min: 0               opt: 0               Max: 0               
6   OUTPUT kFLOAT 489_3d          800x4           min: 0               opt: 0               Max: 0               
7   OUTPUT kFLOAT 452_3d          12800x10        min: 0               opt: 0               Max: 0               
8   OUTPUT kFLOAT 472_3d          3200x10         min: 0               opt: 0               Max: 0               
9   OUTPUT kFLOAT 492_3d          800x10          min: 0               opt: 0               Max: 0               

0:00:00.459312707 184966 0xaaab127ba210 INFO                 nvinfer gstnvinfer.cpp:684:gst_nvinfer_logger:<face_det> NvDsInferContext[UID 2]: Info from NvDsInferContextImpl::generateBackendContext() <nvdsinfer_context_impl.cpp:2195> [UID = 2]: Use deserialized engine model: /home/somethink/parking_system/models/face_det_scrfd_b1_fp16.engine
0:00:00.486279514 184966 0xaaab127ba210 INFO                 nvinfer gstnvinfer_impl.cpp:343:notifyLoadModelStatus:<face_det> [UID 2]: Load new model:./configs/face_det_config.txt sucessfully
Setting min object dimensions as 16x16 instead of 1x1 to support VIC compute mode.
WARNING: [TRT]: Using an engine plan file across different models of devices is not recommended and is likely to affect performance or even cause errors.
0:00:00.541477930 184966 0xaaab127ba210 INFO                 nvinfer gstnvinfer.cpp:684:gst_nvinfer_logger:<plate_det> NvDsInferContext[UID 1]: Info from NvDsInferContextImpl::deserializeEngineAndBackend() <nvdsinfer_context_impl.cpp:2092> [UID = 1]: deserialized trt engine from :/home/somethink/parking_system/models/plate_yolov8n.engine
INFO: [FullDims Engine Info]: layers num: 2
0   INPUT  kFLOAT images          3x640x640       min: 1x3x640x640     opt: 2x3x640x640     Max: 2x3x640x640     
1   OUTPUT kFLOAT output0         5x8400          min: 0               opt: 0               Max: 0               

0:00:00.541601645 184966 0xaaab127ba210 INFO                 nvinfer gstnvinfer.cpp:684:gst_nvinfer_logger:<plate_det> NvDsInferContext[UID 1]: Info from NvDsInferContextImpl::generateBackendContext() <nvdsinfer_context_impl.cpp:2195> [UID = 1]: Use deserialized engine model: /home/somethink/parking_system/models/plate_yolov8n.engine
0:00:00.544329811 184966 0xaaab127ba210 INFO                 nvinfer gstnvinfer_impl.cpp:343:notifyLoadModelStatus:<plate_det> [UID 1]: Load new model:./configs/plate_det_config.txt sucessfully
00:59:38 INFO pipeline: Pipeline set_state → PLAYING (ret=<enum GST_STATE_CHANGE_SUCCESS of type Gst.StateChangeReturn>)
00:59:38 INFO pipeline: DeepStream pipeline started
00:59:38 INFO main: Web update thread started (DeepStream mode)
00:59:38 INFO main: DeepStream mode=entry
00:59:38 INFO pipeline: Pipeline state: null → ready
00:59:38 INFO pipeline: Pipeline state: ready → paused
00:59:38 INFO pipeline: Pipeline state: paused → playing
00:59:38 INFO pipeline: [face] flvdemux pad added: video (video/x-h264)
00:59:38 INFO pipeline: [face] Linked video → h264parse
00:59:38 INFO pipeline: Stream started: parking-pipeline
NvMMLiteOpen : Block : BlockType = 261 
NvMMLiteBlockCreate : Block : BlockType = 261 
00:59:38 INFO pipeline: [face] flvdemux pad added: audio (audio/mpeg)
00:59:38 INFO pipeline: [plate] flvdemux pad added: video (video/x-h264)
00:59:38 INFO pipeline: [plate] Linked video → h264parse
00:59:38 INFO pipeline: Stream started: parking-pipeline
NvMMLiteOpen : Block : BlockType = 261 
NvMMLiteBlockCreate : Block : BlockType = 261 
00:59:38 INFO pipeline: [plate] flvdemux pad added: audio (audio/mpeg)
~~ CLOG[/dvs/git/dirty/git-master_linux/deepstream/sdk/src/utils/nvmultiobjecttracker/src/modules/DataAssociator/DataAssociator.cpp, initializeSimilarityParams() @line 86]: [NvMultiObjectTracker][DataAssociator][Warning] Visual tracker disabled. minMatchingScore4VisualSimilarity is not used
~~ CLOG[/dvs/git/dirty/git-master_linux/deepstream/sdk/src/utils/nvmultiobjecttracker/src/modules/DataAssociator/DataAssociator.cpp, initializeSimilarityParams() @line 90]: [NvMultiObjectTracker][DataAssociator][Warning] Visual tracker disabled. matchingScoreWeight4VisualSimilarity is not used
00:59:39 INFO engine: FACE QUALITY: blur=61.9 (thr=10.0) brightness=62.3 size=303x374 → OK
00:59:39 INFO engine: FACE QUALITY: blur=61.9 (thr=10.0) brightness=62.3 size=303x374 → OK
00:59:39 INFO engine: FACE QUALITY: blur=61.9 (thr=10.0) brightness=62.3 size=303x374 → OK
00:59:39 INFO main: ENTRY: plate voted → '99B1-25739'
00:59:39 WARNING main: ENTRY: plate '99B1-25739' stable nhưng không có fresh face track (gap > 30 frames) — reject
00:59:40 INFO engine: FACE QUALITY: blur=67.9 (thr=10.0) brightness=62.5 size=301x374 → OK
00:59:40 INFO main: ENTRY: plate voted → '99B1-25739'
00:59:40 WARNING main: ENTRY: plate '99B1-25739' stable nhưng không có fresh face track (gap > 30 frames) — reject
00:59:40 INFO engine: FACE QUALITY: blur=64.3 (thr=10.0) brightness=62.4 size=302x375 → OK
00:59:40 INFO engine: FACE QUALITY: blur=64.3 (thr=10.0) brightness=62.4 size=302x375 → OK
00:59:40 INFO main: ENTRY: plate voted → '99B1-25739'
00:59:40 WARNING main: ❌ TRÙNG BIỂN SỐ: 99B1-25739
00:59:40 INFO main: ENTRY: plate voted → '99B1-25739'
00:59:40 WARNING main: ❌ TRÙNG BIỂN SỐ: 99B1-25739
00:59:40 INFO main: ENTRY: plate voted → '99B1-25739'
00:59:40 WARNING main: ❌ TRÙNG BIỂN SỐ: 99B1-25739
00:59:40 INFO main: ENTRY: plate voted → '99B1-25739'
00:59:40 WARNING main: ❌ TRÙNG BIỂN SỐ: 99B1-25739
00:59:40 INFO main: ENTRY: plate voted → '99B1-25739'
00:59:40 WARNING main: ❌ TRÙNG BIỂN SỐ: 99B1-25739
00:59:41 INFO main: ENTRY: plate voted → '99B1-25739'
00:59:41 WARNING main: ❌ TRÙNG BIỂN SỐ: 99B1-25739
00:59:41 INFO main: ENTRY: plate voted → '99B1-25739'
00:59:41 WARNING main: ❌ TRÙNG BIỂN SỐ: 99B1-25739
00:59:41 INFO main: ENTRY: plate voted → '99B1-25739'
00:59:41 WARNING main: ❌ TRÙNG BIỂN SỐ: 99B1-25739
00:59:41 INFO main: ENTRY: plate voted → '99B1-25739'
00:59:41 WARNING main: ❌ TRÙNG BIỂN SỐ: 99B1-25739
00:59:41 INFO main: ENTRY: plate voted → '99B1-25739'
00:59:41 WARNING main: ❌ TRÙNG BIỂN SỐ: 99B1-25739
00:59:41 INFO main: ENTRY: plate voted → '99B1-25739'
00:59:41 WARNING main: ❌ TRÙNG BIỂN SỐ: 99B1-25739
00:59:42 INFO main: ENTRY: plate voted → '99B1-25739'
00:59:42 WARNING main: ❌ TRÙNG BIỂN SỐ: 99B1-25739
00:59:42 INFO main: ENTRY: plate voted → '99B1-25739'
00:59:42 WARNING main: ❌ TRÙNG BIỂN SỐ: 99B1-25739
00:59:42 INFO main: ENTRY: plate voted → '99B1-25739'
00:59:42 WARNING main: ❌ TRÙNG BIỂN SỐ: 99B1-25739
00:59:42 INFO engine: FACE QUALITY: blur=69.2 (thr=10.0) brightness=61.7 size=322x405 → OK
00:59:42 INFO main: ENTRY: plate voted → '99B1-25739'
00:59:42 WARNING main: ❌ TRÙNG BIỂN SỐ: 99B1-25739
00:59:42 INFO engine: FACE QUALITY: blur=44.8 (thr=10.0) brightness=60.2 size=307x385 → OK
00:59:42 INFO main: ENTRY: plate voted → '99B1-25739'
00:59:42 WARNING main: ❌ TRÙNG BIỂN SỐ: 99B1-25739
00:59:42 INFO engine: FACE QUALITY: blur=59.1 (thr=10.0) brightness=61.4 size=305x378 → OK
00:59:42 INFO main: ENTRY: plate voted → '99B1-25739'
00:59:42 WARNING main: ❌ TRÙNG BIỂN SỐ: 99B1-25739
00:59:42 INFO engine: FACE QUALITY: blur=48.7 (thr=10.0) brightness=60.4 size=304x377 → OK
00:59:42 INFO main: ENTRY: plate voted → '99B1-25739'
00:59:42 WARNING main: ❌ TRÙNG BIỂN SỐ: 99B1-25739
00:59:42 INFO pipeline: face_dbg: frames=41 all_obj=109 uid2=109 pre=133 dets=242 emb=10 lmk=10
00:59:42 INFO engine: FACE QUALITY: blur=65.9 (thr=10.0) brightness=62.4 size=305x376 → OK
00:59:42 INFO main: ENTRY: plate voted → '99B1-25739'
00:59:42 WARNING main: ❌ TRÙNG BIỂN SỐ: 99B1-25739
00:59:42 INFO engine: FACE QUALITY: blur=75.5 (thr=10.0) brightness=62.6 size=307x377 → OK
00:59:42 INFO main: ENTRY: plate voted → '99B1-25739'
00:59:43 WARNING main: ❌ TRÙNG BIỂN SỐ: 99B1-25739
00:59:43 INFO engine: FACE QUALITY: blur=74.7 (thr=10.0) brightness=62.6 size=309x377 → OK
00:59:43 INFO main: ENTRY: plate voted → '99B1-25739'
00:59:43 WARNING main: ❌ TRÙNG BIỂN SỐ: 99B1-25739
00:59:43 INFO engine: FACE QUALITY: blur=74.7 (thr=10.0) brightness=62.6 size=309x377 → OK
00:59:43 INFO main: ENTRY: plate voted → '99B1-25739'
00:59:43 WARNING main: ❌ TRÙNG BIỂN SỐ: 99B1-25739
00:59:43 INFO engine: FACE QUALITY: blur=70.6 (thr=10.0) brightness=62.3 size=305x376 → OK
00:59:43 INFO engine: FACE QUALITY: blur=49.7 (thr=10.0) brightness=60.5 size=301x378 → OK
00:59:43 INFO engine: FACE QUALITY: blur=49.7 (thr=10.0) brightness=60.5 size=301x378 → OK
00:59:44 INFO main: ENTRY: plate voted → '99B1-25739'
00:59:44 WARNING main: ❌ TRÙNG BIỂN SỐ: 99B1-25739
00:59:44 INFO main: ENTRY: plate voted → '99B1-25739'
00:59:44 WARNING main: ❌ TRÙNG BIỂN SỐ: 99B1-25739
00:59:44 INFO main: ENTRY: plate voted → '99B1-25739'
00:59:44 WARNING main: ❌ TRÙNG BIỂN SỐ: 99B1-25739
00:59:44 INFO main: ENTRY: plate voted → '99B1-25739'
00:59:44 WARNING main: ❌ TRÙNG BIỂN SỐ: 99B1-25739
00:59:44 INFO main: ENTRY: plate voted → '99B1-25739'
00:59:44 WARNING main: ❌ TRÙNG BIỂN SỐ: 99B1-25739
00:59:44 INFO main: ENTRY: plate voted → '99B1-25739'
00:59:44 WARNING main: ❌ TRÙNG BIỂN SỐ: 99B1-25739
00:59:44 INFO main: ENTRY: plate voted → '99B1-25739'
00:59:44 WARNING main: ❌ TRÙNG BIỂN SỐ: 99B1-25739
00:59:44 INFO main: ENTRY: plate voted → '99B1-25739'
00:59:44 WARNING main: ❌ TRÙNG BIỂN SỐ: 99B1-25739
00:59:44 INFO main: ENTRY: plate voted → '99B1-25739'
00:59:44 WARNING main: ❌ TRÙNG BIỂN SỐ: 99B1-25739
00:59:44 INFO main: ENTRY: plate voted → '99B1-25739'
00:59:44 WARNING main: ❌ TRÙNG BIỂN SỐ: 99B1-25739
00:59:44 INFO main: ENTRY: plate voted → '99B1-25739'
00:59:44 WARNING main: ❌ TRÙNG BIỂN SỐ: 99B1-25739
00:59:45 INFO main: ENTRY: plate voted → '99B1-25739'
00:59:45 WARNING main: ❌ TRÙNG BIỂN SỐ: 99B1-25739
00:59:45 INFO main: ENTRY: plate voted → '99B1-25739'
00:59:45 WARNING main: ❌ TRÙNG BIỂN SỐ: 99B1-25739
00:59:45 INFO main: ENTRY: plate voted → '99B1-25739'
00:59:45 WARNING main: ❌ TRÙNG BIỂN SỐ: 99B1-25739
00:59:45 INFO main: ENTRY: plate voted → '99B1-25739'
00:59:45 WARNING main: ❌ TRÙNG BIỂN SỐ: 99B1-25739
00:59:45 INFO main: ENTRY: plate voted → '99B1-25739'
00:59:45 WARNING main: ❌ TRÙNG BIỂN SỐ: 99B1-25739
00:59:45 INFO main: ENTRY: plate voted → '99B1-25739'
00:59:45 WARNING main: ❌ TRÙNG BIỂN SỐ: 99B1-25739
00:59:45 INFO main: ENTRY: plate voted → '99B1-25739'
00:59:45 WARNING main: ❌ TRÙNG BIỂN SỐ: 99B1-25739
00:59:45 INFO main: ENTRY: plate voted → '99B1-25739'
00:59:45 WARNING main: ❌ TRÙNG BIỂN SỐ: 99B1-25739
00:59:45 INFO main: ENTRY: plate voted → '99B1-25739'
00:59:45 WARNING main: ❌ TRÙNG BIỂN SỐ: 99B1-25739
00:59:45 INFO main: ENTRY: plate voted → '99B1-25739'
00:59:45 WARNING main: ❌ TRÙNG BIỂN SỐ: 99B1-25739
00:59:45 INFO main: ENTRY: plate voted → '99B1-25739'
00:59:45 WARNING main: ❌ TRÙNG BIỂN SỐ: 99B1-25739
00:59:45 INFO main: ENTRY: plate voted → '99B1-25739'
00:59:45 WARNING main: ❌ TRÙNG BIỂN SỐ: 99B1-25739
00:59:45 INFO main: ENTRY: plate voted → '99B1-25739'
00:59:45 WARNING main: ❌ TRÙNG BIỂN SỐ: 99B1-25739
00:59:45 INFO main: ENTRY: plate voted → '99B1-25739'
00:59:45 WARNING main: ❌ TRÙNG BIỂN SỐ: 99B1-25739
00:59:46 INFO main: ENTRY: plate voted → '99B1-25739'
00:59:46 WARNING main: ❌ TRÙNG BIỂN SỐ: 99B1-25739
00:59:46 INFO main: ENTRY: plate voted → '99B1-25739'
00:59:46 WARNING main: ❌ TRÙNG BIỂN SỐ: 99B1-25739
00:59:46 INFO main: ENTRY: plate voted → '99B1-25739'
00:59:46 WARNING main: ENTRY: plate '99B1-25739' stable nhưng không có fresh face track (gap > 30 frames) — reject
00:59:46 INFO main: ENTRY: plate voted → '99B1-25739'
00:59:46 WARNING main: ENTRY: plate '99B1-25739' stable nhưng không có fresh face track (gap > 30 frames) — reject
00:59:46 INFO web: WS client connected (1 total)
00:59:46 INFO main: ENTRY: plate voted → '99B1-25739'
00:59:46 WARNING main: ENTRY: plate '99B1-25739' stable nhưng không có fresh face track (gap > 30 frames) — reject
00:59:47 INFO main: ENTRY: plate voted → '99B1-25739'
00:59:47 WARNING main: ENTRY: plate '99B1-25739' stable nhưng không có fresh face track (gap > 30 frames) — reject
00:59:47 INFO main: ENTRY: plate voted → '99B1-25739'
00:59:47 WARNING main: ENTRY: plate '99B1-25739' stable nhưng không có fresh face track (gap > 30 frames) — reject
00:59:47 INFO main: ENTRY: plate voted → '99B1-25739'
00:59:47 WARNING main: ENTRY: plate '99B1-25739' stable nhưng không có fresh face track (gap > 30 frames) — reject
00:59:47 INFO pipeline: face_dbg: frames=67 all_obj=176 uid2=176 pre=219 dets=395 emb=4 lmk=4
00:59:48 INFO main: ENTRY: plate voted → '99B1-25739'
00:59:48 WARNING main: ENTRY: plate '99B1-25739' stabl